[train_compare] logging to /workspace/Mamba-Predict-Trajactory-with-SAC-Pipeline/runs/stage_a_compare_turn-2_V5/train.log
[transformer_20260424_083528] epoch 1/20 micro_batch 100/224 loss=0.4014
[transformer_20260424_083528] epoch 1/20 micro_batch 200/224 loss=0.5019
[transformer_20260424_083528] epoch 1/20 train_loss=0.4248 val_ap_risk_05s=0.2367 val_ap_risk_1s=0.1761 val_ADE_xy=0.4410 val_latency_ms/sample=3.572
[transformer_20260424_083528] epoch 2/20 micro_batch 100/224 loss=0.3188
[transformer_20260424_083528] epoch 2/20 micro_batch 200/224 loss=0.3396
[transformer_20260424_083528] epoch 2/20 train_loss=0.4241 val_ap_risk_05s=0.2490 val_ap_risk_1s=0.1819 val_ADE_xy=0.4504 val_latency_ms/sample=3.563
[transformer_20260424_083528] epoch 3/20 micro_batch 100/224 loss=0.3247
[transformer_20260424_083528] epoch 3/20 micro_batch 200/224 loss=0.3676
[transformer_20260424_083528] epoch 3/20 train_loss=0.4042 val_ap_risk_05s=0.4070 val_ap_risk_1s=0.2940 val_ADE_xy=0.4714 val_latency_ms/sample=3.553
[transformer_20260424_083528] epoch 4/20 micro_batch 100/224 loss=0.3174
[transformer_20260424_083528] epoch 4/20 micro_batch 200/224 loss=0.2907
[transformer_20260424_083528] epoch 4/20 train_loss=0.3290 val_ap_risk_05s=0.3026 val_ap_risk_1s=0.2087 val_ADE_xy=0.4830 val_latency_ms/sample=3.547
[transformer_20260424_083528] epoch 5/20 micro_batch 100/224 loss=0.2366
[transformer_20260424_083528] epoch 5/20 micro_batch 200/224 loss=0.1703
[transformer_20260424_083528] epoch 5/20 train_loss=0.2006 val_ap_risk_05s=0.3401 val_ap_risk_1s=0.2812 val_ADE_xy=0.5167 val_latency_ms/sample=3.573
[transformer_20260424_083528] epoch 6/20 micro_batch 100/224 loss=0.1107
[transformer_20260424_083528] epoch 6/20 micro_batch 200/224 loss=0.0881
[transformer_20260424_083528] epoch 6/20 train_loss=0.1292 val_ap_risk_05s=0.2906 val_ap_risk_1s=0.2479 val_ADE_xy=0.5018 val_latency_ms/sample=3.545
[transformer_20260424_083528] epoch 7/20 micro_batch 100/224 loss=0.0532
[transformer_20260424_083528] epoch 7/20 micro_batch 200/224 loss=0.0902
[transformer_20260424_083528] epoch 7/20 train_loss=0.0946 val_ap_risk_05s=0.3664 val_ap_risk_1s=0.3080 val_ADE_xy=0.4836 val_latency_ms/sample=3.555
[transformer_20260424_083528] epoch 8/20 micro_batch 100/224 loss=0.0349
[transformer_20260424_083528] epoch 8/20 micro_batch 200/224 loss=0.0606
[transformer_20260424_083528] epoch 8/20 train_loss=0.0653 val_ap_risk_05s=0.3297 val_ap_risk_1s=0.2852 val_ADE_xy=0.4540 val_latency_ms/sample=3.548
[transformer_20260424_083528] epoch 9/20 micro_batch 100/224 loss=0.0504
[transformer_20260424_083528] epoch 9/20 micro_batch 200/224 loss=0.0666
[transformer_20260424_083528] epoch 9/20 train_loss=0.0510 val_ap_risk_05s=0.3470 val_ap_risk_1s=0.3202 val_ADE_xy=0.4463 val_latency_ms/sample=3.565
[transformer_20260424_083528] epoch 10/20 micro_batch 100/224 loss=0.1108
[transformer_20260424_083528] epoch 10/20 micro_batch 200/224 loss=0.0178
[transformer_20260424_083528] epoch 10/20 train_loss=0.0377 val_ap_risk_05s=0.3443 val_ap_risk_1s=0.3172 val_ADE_xy=0.4456 val_latency_ms/sample=3.552
[transformer_20260424_083528] epoch 11/20 micro_batch 100/224 loss=-0.0066
[transformer_20260424_083528] epoch 11/20 micro_batch 200/224 loss=-0.0205
[transformer_20260424_083528] epoch 11/20 train_loss=0.0183 val_ap_risk_05s=0.3140 val_ap_risk_1s=0.2934 val_ADE_xy=0.4597 val_latency_ms/sample=3.568
[transformer_20260424_083528] epoch 12/20 micro_batch 100/224 loss=0.0250
[transformer_20260424_083528] epoch 12/20 micro_batch 200/224 loss=-0.0154
[transformer_20260424_083528] epoch 12/20 train_loss=0.0035 val_ap_risk_05s=0.3291 val_ap_risk_1s=0.2974 val_ADE_xy=0.4312 val_latency_ms/sample=3.559
[transformer_20260424_083528] epoch 13/20 micro_batch 100/224 loss=-0.0262
[transformer_20260424_083528] epoch 13/20 micro_batch 200/224 loss=-0.0115
[transformer_20260424_083528] epoch 13/20 train_loss=-0.0061 val_ap_risk_05s=0.3735 val_ap_risk_1s=0.3091 val_ADE_xy=0.4300 val_latency_ms/sample=3.561
[transformer_20260424_083528] epoch 14/20 micro_batch 100/224 loss=0.0881
[transformer_20260424_083528] epoch 14/20 micro_batch 200/224 loss=0.0187
[transformer_20260424_083528] epoch 14/20 train_loss=-0.0154 val_ap_risk_05s=0.3339 val_ap_risk_1s=0.2987 val_ADE_xy=0.4356 val_latency_ms/sample=3.544
[transformer_20260424_083528] epoch 15/20 micro_batch 100/224 loss=-0.0499
[transformer_20260424_083528] epoch 15/20 micro_batch 200/224 loss=-0.0399
[transformer_20260424_083528] epoch 15/20 train_loss=-0.0185 val_ap_risk_05s=0.3377 val_ap_risk_1s=0.2981 val_ADE_xy=0.4545 val_latency_ms/sample=3.534
[transformer_20260424_083528] epoch 16/20 micro_batch 100/224 loss=-0.0248
[transformer_20260424_083528] epoch 16/20 micro_batch 200/224 loss=-0.0246
[transformer_20260424_083528] epoch 16/20 train_loss=-0.0340 val_ap_risk_05s=0.3325 val_ap_risk_1s=0.2696 val_ADE_xy=0.4565 val_latency_ms/sample=3.543
[transformer_20260424_083528] epoch 17/20 micro_batch 100/224 loss=0.0079
[transformer_20260424_083528] epoch 17/20 micro_batch 200/224 loss=-0.0629
[transformer_20260424_083528] epoch 17/20 train_loss=-0.0301 val_ap_risk_05s=0.3400 val_ap_risk_1s=0.2861 val_ADE_xy=0.4366 val_latency_ms/sample=3.547
[transformer_20260424_083528] Early stop: val ap_risk_1s did not improve > 0.0 for 8 epoch(s). Best ap_risk_1s=0.3202 @ epoch 9.

=== Risk (validation, best-val snapshot) ===
model            AP@0.5s     AP@1s     AP@2s    AUC@1s     lat_ms
transformer       0.3470    0.3202    0.2055    0.6243      3.565

=== Trajectory forecast (validation, best-val snapshot) ===
model            RMSE_all   ADE_xy_m   FDE_xy_m   RMSE_yaw
transformer        0.5171     0.4463     0.4577     0.7297

TensorBoard: tensorboard --logdir /workspace/Mamba-Predict-Trajactory-with-SAC-Pipeline/runs/stage_a_compare_turn-2_V5
Wrote /workspace/Mamba-Predict-Trajactory-with-SAC-Pipeline/runs/stage_a_compare_turn-2_V5/summary_20260424_192614.json
[train_compare] logging to /workspace/Mamba-Predict-Trajactory-with-SAC-Pipeline/runs/stage_a_compare_turn-2_V5/train.log
python: can't open file '/workspace/Mamba-Predict-Trajactory-with-SAC-Pipeline/PointPillars_module/training/train_stage_a_compare.py': [Errno 2] No such file or directory
[train_compare] logging to /workspace/Mamba-Predict-Trajactory-with-SAC-Pipeline/runs/stage_a_compare_turn-2_V5/train.log
[MambaTemporal] backend=mamba d_model=256 n_blocks=2 dropout=0.1
[mamba_20260424_224109] epoch 1/20 micro_batch 100/224 loss=0.3836
[mamba_20260424_224109] epoch 1/20 micro_batch 200/224 loss=0.3624
[mamba_20260424_224109] epoch 1/20 train_loss=0.4254 val_ap_risk_05s=0.1707 val_ap_risk_1s=0.1834 val_ADE_xy=0.4185 val_latency_ms/sample=3.376
[mamba_20260424_224109] epoch 2/20 micro_batch 100/224 loss=0.4455
[mamba_20260424_224109] epoch 2/20 micro_batch 200/224 loss=0.4030
[mamba_20260424_224109] epoch 2/20 train_loss=0.4164 val_ap_risk_05s=0.2251 val_ap_risk_1s=0.1942 val_ADE_xy=0.4446 val_latency_ms/sample=3.400
[mamba_20260424_224109] epoch 3/20 micro_batch 100/224 loss=0.3413
[mamba_20260424_224109] epoch 3/20 micro_batch 200/224 loss=0.6338
[mamba_20260424_224109] epoch 3/20 train_loss=0.4047 val_ap_risk_05s=0.2569 val_ap_risk_1s=0.2026 val_ADE_xy=0.4738 val_latency_ms/sample=3.419
[mamba_20260424_224109] epoch 4/20 micro_batch 100/224 loss=0.4259
[mamba_20260424_224109] epoch 4/20 micro_batch 200/224 loss=0.3323
[mamba_20260424_224109] epoch 4/20 train_loss=0.3790 val_ap_risk_05s=0.2090 val_ap_risk_1s=0.1814 val_ADE_xy=0.4465 val_latency_ms/sample=3.397
[mamba_20260424_224109] epoch 5/20 micro_batch 100/224 loss=0.3660
[mamba_20260424_224109] epoch 5/20 micro_batch 200/224 loss=0.4020
[mamba_20260424_224109] epoch 5/20 train_loss=0.3676 val_ap_risk_05s=0.2793 val_ap_risk_1s=0.2151 val_ADE_xy=0.4513 val_latency_ms/sample=3.405
[mamba_20260424_224109] epoch 6/20 micro_batch 100/224 loss=0.3339
[mamba_20260424_224109] epoch 6/20 micro_batch 200/224 loss=0.3321
[mamba_20260424_224109] epoch 6/20 train_loss=0.3524 val_ap_risk_05s=0.2390 val_ap_risk_1s=0.2215 val_ADE_xy=0.5453 val_latency_ms/sample=3.378
[mamba_20260424_224109] epoch 7/20 micro_batch 100/224 loss=0.3607
[mamba_20260424_224109] epoch 7/20 micro_batch 200/224 loss=0.2831
[mamba_20260424_224109] epoch 7/20 train_loss=0.3071 val_ap_risk_05s=0.2432 val_ap_risk_1s=0.2154 val_ADE_xy=0.5385 val_latency_ms/sample=3.386
[mamba_20260424_224109] epoch 8/20 micro_batch 100/224 loss=0.2384
[mamba_20260424_224109] epoch 8/20 micro_batch 200/224 loss=0.1732
[mamba_20260424_224109] epoch 8/20 train_loss=0.2622 val_ap_risk_05s=0.2873 val_ap_risk_1s=0.3175 val_ADE_xy=0.5119 val_latency_ms/sample=3.398
[mamba_20260424_224109] epoch 9/20 micro_batch 100/224 loss=0.1652
[mamba_20260424_224109] epoch 9/20 micro_batch 200/224 loss=0.1523
[mamba_20260424_224109] epoch 9/20 train_loss=0.2001 val_ap_risk_05s=0.2759 val_ap_risk_1s=0.2984 val_ADE_xy=0.4354 val_latency_ms/sample=3.410
[mamba_20260424_224109] epoch 10/20 micro_batch 100/224 loss=0.1692
[mamba_20260424_224109] epoch 10/20 micro_batch 200/224 loss=0.1834
[mamba_20260424_224109] epoch 10/20 train_loss=0.1567 val_ap_risk_05s=0.2950 val_ap_risk_1s=0.3081 val_ADE_xy=0.4678 val_latency_ms/sample=3.401
[mamba_20260424_224109] epoch 11/20 micro_batch 100/224 loss=0.1220
[mamba_20260424_224109] epoch 11/20 micro_batch 200/224 loss=0.0959
[mamba_20260424_224109] epoch 11/20 train_loss=0.1435 val_ap_risk_05s=0.3283 val_ap_risk_1s=0.2974 val_ADE_xy=0.5057 val_latency_ms/sample=3.399
[mamba_20260424_224109] epoch 12/20 micro_batch 100/224 loss=0.0850
[mamba_20260424_224109] epoch 12/20 micro_batch 200/224 loss=0.1005
[mamba_20260424_224109] epoch 12/20 train_loss=0.1288 val_ap_risk_05s=0.3263 val_ap_risk_1s=0.2822 val_ADE_xy=0.5321 val_latency_ms/sample=3.402
[mamba_20260424_224109] epoch 13/20 micro_batch 100/224 loss=0.0567
[mamba_20260424_224109] epoch 13/20 micro_batch 200/224 loss=0.2662
[mamba_20260424_224109] epoch 13/20 train_loss=0.1120 val_ap_risk_05s=0.3381 val_ap_risk_1s=0.2890 val_ADE_xy=0.5245 val_latency_ms/sample=3.378
[mamba_20260424_224109] epoch 14/20 micro_batch 100/224 loss=0.2665
[mamba_20260424_224109] epoch 14/20 micro_batch 200/224 loss=0.0591
[mamba_20260424_224109] epoch 14/20 train_loss=0.0984 val_ap_risk_05s=0.3183 val_ap_risk_1s=0.2713 val_ADE_xy=0.5147 val_latency_ms/sample=3.390
[mamba_20260424_224109] epoch 15/20 micro_batch 100/224 loss=0.1232
[mamba_20260424_224109] epoch 15/20 micro_batch 200/224 loss=0.1856
[mamba_20260424_224109] epoch 15/20 train_loss=0.0861 val_ap_risk_05s=0.3442 val_ap_risk_1s=0.2892 val_ADE_xy=0.5153 val_latency_ms/sample=3.400
[mamba_20260424_224109] epoch 16/20 micro_batch 100/224 loss=0.0733
[mamba_20260424_224109] epoch 16/20 micro_batch 200/224 loss=0.0066
[mamba_20260424_224109] epoch 16/20 train_loss=0.0687 val_ap_risk_05s=0.3172 val_ap_risk_1s=0.2595 val_ADE_xy=0.5089 val_latency_ms/sample=3.414
[mamba_20260424_224109] Early stop: val ap_risk_1s did not improve > 0.0 for 8 epoch(s). Best ap_risk_1s=0.3175 @ epoch 8.
[MambaTemporal] backend=gru d_model=256 n_blocks=2 dropout=0.1
[gru_20260425_072516] epoch 1/20 micro_batch 100/224 loss=0.5032
[gru_20260425_072516] epoch 1/20 micro_batch 200/224 loss=0.4628
[gru_20260425_072516] epoch 1/20 train_loss=0.4438 val_ap_risk_05s=0.1874 val_ap_risk_1s=0.1702 val_ADE_xy=0.4082 val_latency_ms/sample=3.685
[gru_20260425_072516] epoch 2/20 micro_batch 100/224 loss=0.4402
[gru_20260425_072516] epoch 2/20 micro_batch 200/224 loss=0.3671
[gru_20260425_072516] epoch 2/20 train_loss=0.4223 val_ap_risk_05s=0.1874 val_ap_risk_1s=0.1383 val_ADE_xy=0.4337 val_latency_ms/sample=3.655
[gru_20260425_072516] epoch 3/20 micro_batch 100/224 loss=0.5159
[gru_20260425_072516] epoch 3/20 micro_batch 200/224 loss=0.3315
[gru_20260425_072516] epoch 3/20 train_loss=0.4143 val_ap_risk_05s=0.1842 val_ap_risk_1s=0.1733 val_ADE_xy=0.4633 val_latency_ms/sample=3.681
[gru_20260425_072516] epoch 4/20 micro_batch 100/224 loss=0.3479
[gru_20260425_072516] epoch 4/20 micro_batch 200/224 loss=0.3093
[gru_20260425_072516] epoch 4/20 train_loss=0.3856 val_ap_risk_05s=0.1739 val_ap_risk_1s=0.2133 val_ADE_xy=0.4604 val_latency_ms/sample=3.656
[gru_20260425_072516] epoch 5/20 micro_batch 100/224 loss=0.4727
[gru_20260425_072516] epoch 5/20 micro_batch 200/224 loss=0.3243
[gru_20260425_072516] epoch 5/20 train_loss=0.3074 val_ap_risk_05s=0.2047 val_ap_risk_1s=0.2319 val_ADE_xy=0.5029 val_latency_ms/sample=3.679
[gru_20260425_072516] epoch 6/20 micro_batch 100/224 loss=0.2253
[gru_20260425_072516] epoch 6/20 micro_batch 200/224 loss=0.1735
[gru_20260425_072516] epoch 6/20 train_loss=0.2489 val_ap_risk_05s=0.2465 val_ap_risk_1s=0.2785 val_ADE_xy=0.4971 val_latency_ms/sample=3.683
[gru_20260425_072516] epoch 7/20 micro_batch 100/224 loss=0.1913
[gru_20260425_072516] epoch 7/20 micro_batch 200/224 loss=0.2094
[gru_20260425_072516] epoch 7/20 train_loss=0.2199 val_ap_risk_05s=0.2413 val_ap_risk_1s=0.2397 val_ADE_xy=0.5009 val_latency_ms/sample=3.661
[gru_20260425_072516] epoch 8/20 micro_batch 100/224 loss=0.1684
[gru_20260425_072516] epoch 8/20 micro_batch 200/224 loss=0.1360
[gru_20260425_072516] epoch 8/20 train_loss=0.1976 val_ap_risk_05s=0.2594 val_ap_risk_1s=0.2574 val_ADE_xy=0.4793 val_latency_ms/sample=3.721
[gru_20260425_072516] epoch 9/20 micro_batch 100/224 loss=0.0920
[gru_20260425_072516] epoch 9/20 micro_batch 200/224 loss=0.1792
[gru_20260425_072516] epoch 9/20 train_loss=0.1725 val_ap_risk_05s=0.2737 val_ap_risk_1s=0.2558 val_ADE_xy=0.4981 val_latency_ms/sample=3.714
[gru_20260425_072516] epoch 10/20 micro_batch 100/224 loss=0.2025
[gru_20260425_072516] epoch 10/20 micro_batch 200/224 loss=0.1941
[gru_20260425_072516] epoch 10/20 train_loss=0.1658 val_ap_risk_05s=0.3001 val_ap_risk_1s=0.2435 val_ADE_xy=0.4836 val_latency_ms/sample=3.693
[gru_20260425_072516] epoch 11/20 micro_batch 100/224 loss=0.2208
[gru_20260425_072516] epoch 11/20 micro_batch 200/224 loss=0.4019
[gru_20260425_072516] epoch 11/20 train_loss=0.1523 val_ap_risk_05s=0.2714 val_ap_risk_1s=0.2345 val_ADE_xy=0.5027 val_latency_ms/sample=3.671
[gru_20260425_072516] epoch 12/20 micro_batch 100/224 loss=0.0808
[gru_20260425_072516] epoch 12/20 micro_batch 200/224 loss=0.0641
[gru_20260425_072516] epoch 12/20 train_loss=0.1260 val_ap_risk_05s=0.2833 val_ap_risk_1s=0.2342 val_ADE_xy=0.4934 val_latency_ms/sample=3.725
[gru_20260425_072516] epoch 13/20 micro_batch 100/224 loss=0.0764
[gru_20260425_072516] epoch 13/20 micro_batch 200/224 loss=0.0363
[gru_20260425_072516] epoch 13/20 train_loss=0.1057 val_ap_risk_05s=0.3178 val_ap_risk_1s=0.2409 val_ADE_xy=0.4772 val_latency_ms/sample=3.724
[gru_20260425_072516] epoch 14/20 micro_batch 100/224 loss=0.0822
[gru_20260425_072516] epoch 14/20 micro_batch 200/224 loss=0.0526
[gru_20260425_072516] epoch 14/20 train_loss=0.0994 val_ap_risk_05s=0.2794 val_ap_risk_1s=0.2080 val_ADE_xy=0.4944 val_latency_ms/sample=3.708
[gru_20260425_072516] Early stop: val ap_risk_1s did not improve > 0.0 for 8 epoch(s). Best ap_risk_1s=0.2785 @ epoch 6.
[lstm_20260425_150633] epoch 1/20 micro_batch 100/224 loss=0.5979
[lstm_20260425_150633] epoch 1/20 micro_batch 200/224 loss=0.4865
[lstm_20260425_150633] epoch 1/20 train_loss=0.4338 val_ap_risk_05s=0.1799 val_ap_risk_1s=0.2615 val_ADE_xy=0.4212 val_latency_ms/sample=3.786
[lstm_20260425_150633] epoch 2/20 micro_batch 100/224 loss=0.4918
[lstm_20260425_150633] epoch 2/20 micro_batch 200/224 loss=0.5580
[lstm_20260425_150633] epoch 2/20 train_loss=0.4254 val_ap_risk_05s=0.1983 val_ap_risk_1s=0.1437 val_ADE_xy=0.4526 val_latency_ms/sample=3.791
[lstm_20260425_150633] epoch 3/20 micro_batch 100/224 loss=0.4154
[lstm_20260425_150633] epoch 3/20 micro_batch 200/224 loss=0.4413
[lstm_20260425_150633] epoch 3/20 train_loss=0.4044 val_ap_risk_05s=0.1927 val_ap_risk_1s=0.2322 val_ADE_xy=0.4558 val_latency_ms/sample=3.794
[lstm_20260425_150633] epoch 4/20 micro_batch 100/224 loss=0.4170
[lstm_20260425_150633] epoch 4/20 micro_batch 200/224 loss=0.3569
[lstm_20260425_150633] epoch 4/20 train_loss=0.3709 val_ap_risk_05s=0.2044 val_ap_risk_1s=0.2034 val_ADE_xy=0.4855 val_latency_ms/sample=3.770
[lstm_20260425_150633] epoch 5/20 micro_batch 100/224 loss=0.2041
[lstm_20260425_150633] epoch 5/20 micro_batch 200/224 loss=0.2216
[lstm_20260425_150633] epoch 5/20 train_loss=0.2944 val_ap_risk_05s=0.2379 val_ap_risk_1s=0.1961 val_ADE_xy=0.5048 val_latency_ms/sample=3.742
[lstm_20260425_150633] epoch 6/20 micro_batch 100/224 loss=0.1438
[lstm_20260425_150633] epoch 6/20 micro_batch 200/224 loss=0.3210
[lstm_20260425_150633] epoch 6/20 train_loss=0.2427 val_ap_risk_05s=0.2461 val_ap_risk_1s=0.2237 val_ADE_xy=0.5106 val_latency_ms/sample=3.741
[lstm_20260425_150633] epoch 7/20 micro_batch 100/224 loss=0.1579
[lstm_20260425_150633] epoch 7/20 micro_batch 200/224 loss=0.1589
[lstm_20260425_150633] epoch 7/20 train_loss=0.2078 val_ap_risk_05s=0.2719 val_ap_risk_1s=0.2224 val_ADE_xy=0.4917 val_latency_ms/sample=3.770
[lstm_20260425_150633] epoch 8/20 micro_batch 100/224 loss=0.1509
[lstm_20260425_150633] epoch 8/20 micro_batch 200/224 loss=0.1459
[lstm_20260425_150633] epoch 8/20 train_loss=0.1886 val_ap_risk_05s=0.3042 val_ap_risk_1s=0.2440 val_ADE_xy=0.4803 val_latency_ms/sample=3.766
[lstm_20260425_150633] epoch 9/20 micro_batch 100/224 loss=0.2003
[lstm_20260425_150633] epoch 9/20 micro_batch 200/224 loss=0.1099
[lstm_20260425_150633] epoch 9/20 train_loss=0.1563 val_ap_risk_05s=0.3560 val_ap_risk_1s=0.2974 val_ADE_xy=0.4530 val_latency_ms/sample=3.769
[lstm_20260425_150633] epoch 10/20 micro_batch 100/224 loss=0.0719
[lstm_20260425_150633] epoch 10/20 micro_batch 200/224 loss=0.1401
[lstm_20260425_150633] epoch 10/20 train_loss=0.1360 val_ap_risk_05s=0.2489 val_ap_risk_1s=0.1991 val_ADE_xy=0.5196 val_latency_ms/sample=3.745
[lstm_20260425_150633] epoch 11/20 micro_batch 100/224 loss=0.1116
[lstm_20260425_150633] epoch 11/20 micro_batch 200/224 loss=0.1426
[lstm_20260425_150633] epoch 11/20 train_loss=0.1123 val_ap_risk_05s=0.2358 val_ap_risk_1s=0.1871 val_ADE_xy=0.4484 val_latency_ms/sample=3.761
[lstm_20260425_150633] epoch 12/20 micro_batch 100/224 loss=0.0477
[lstm_20260425_150633] epoch 12/20 micro_batch 200/224 loss=0.4631
[lstm_20260425_150633] epoch 12/20 train_loss=0.1059 val_ap_risk_05s=0.2899 val_ap_risk_1s=0.2157 val_ADE_xy=0.4383 val_latency_ms/sample=3.750
[lstm_20260425_150633] epoch 13/20 micro_batch 100/224 loss=0.0498
[lstm_20260425_150633] epoch 13/20 micro_batch 200/224 loss=0.1551
[lstm_20260425_150633] epoch 13/20 train_loss=0.0891 val_ap_risk_05s=0.2454 val_ap_risk_1s=0.1911 val_ADE_xy=0.4918 val_latency_ms/sample=3.730
[lstm_20260425_150633] epoch 14/20 micro_batch 100/224 loss=0.1155
[lstm_20260425_150633] epoch 14/20 micro_batch 200/224 loss=0.1871
[lstm_20260425_150633] epoch 14/20 train_loss=0.0842 val_ap_risk_05s=0.2353 val_ap_risk_1s=0.1760 val_ADE_xy=0.4597 val_latency_ms/sample=3.759
[lstm_20260425_150633] epoch 15/20 micro_batch 100/224 loss=0.1168
[lstm_20260425_150633] epoch 15/20 micro_batch 200/224 loss=0.0999
[lstm_20260425_150633] epoch 15/20 train_loss=0.0690 val_ap_risk_05s=0.2597 val_ap_risk_1s=0.1792 val_ADE_xy=0.4532 val_latency_ms/sample=3.785
[lstm_20260425_150633] epoch 16/20 micro_batch 100/224 loss=0.0067
[lstm_20260425_150633] epoch 16/20 micro_batch 200/224 loss=0.0374
[lstm_20260425_150633] epoch 16/20 train_loss=0.0570 val_ap_risk_05s=0.2546 val_ap_risk_1s=0.1876 val_ADE_xy=0.4530 val_latency_ms/sample=3.775
[lstm_20260425_150633] epoch 17/20 micro_batch 100/224 loss=0.0728
[lstm_20260425_150633] epoch 17/20 micro_batch 200/224 loss=0.0010
[lstm_20260425_150633] epoch 17/20 train_loss=0.0505 val_ap_risk_05s=0.2507 val_ap_risk_1s=0.1778 val_ADE_xy=0.4649 val_latency_ms/sample=3.769
[lstm_20260425_150633] Early stop: val ap_risk_1s did not improve > 0.0 for 8 epoch(s). Best ap_risk_1s=0.2974 @ epoch 9.

=== Risk (validation, best-val snapshot) ===
model            AP@0.5s     AP@1s     AP@2s    AUC@1s     lat_ms
mamba             0.2873    0.3175    0.1850    0.6409      3.398
gru               0.2465    0.2785    0.1655    0.7191      3.683
lstm              0.3560    0.2974    0.2118    0.6325      3.769

=== Trajectory forecast (validation, best-val snapshot) ===
model            RMSE_all   ADE_xy_m   FDE_xy_m   RMSE_yaw
mamba              0.6849     0.5119     0.5286     1.0413
gru                0.7634     0.4971     0.5272     1.2039
lstm               0.5614     0.4530     0.4875     0.8174

TensorBoard: tensorboard --logdir /workspace/Mamba-Predict-Trajactory-with-SAC-Pipeline/runs/stage_a_compare_turn-2_V5
Wrote /workspace/Mamba-Predict-Trajactory-with-SAC-Pipeline/runs/stage_a_compare_turn-2_V5/summary_20260426_002730.json
