[setup] repo=/workspace/Mamba-Predict-Trajactory-with-SAC-Pipeline
[setup] venv=.venv-linux-2404
[setup] torch_mode=cpu
[setup] torch_mode_effective=cpu
[setup] install_mamba=1
[setup] log=/workspace/Mamba-Predict-Trajactory-with-SAC-Pipeline/logs/setup_ubuntu2404_20260420_061833.log
[step] install system prerequisites
Hit:1 https://developer.download.nvidia.com/compute/cuda/repos/ubuntu2404/x86_64  InRelease
Hit:2 https://dl.google.com/linux/chrome/deb stable InRelease
Hit:3 http://archive.ubuntu.com/ubuntu noble InRelease
Hit:4 http://security.ubuntu.com/ubuntu noble-security InRelease
Hit:5 http://archive.ubuntu.com/ubuntu noble-updates InRelease
Hit:6 https://ppa.launchpadcontent.net/pipewire-debian/pipewire-upstream/ubuntu noble InRelease
Hit:7 http://archive.ubuntu.com/ubuntu noble-backports InRelease
Hit:8 https://ppa.launchpadcontent.net/pipewire-debian/wireplumber-upstream/ubuntu noble InRelease
Reading package lists...
Reading package lists...
Building dependency tree...
Reading state information...
python3.12-venv is already the newest version (3.12.3-1ubuntu0.12).
python3.12-venv set to manually installed.
build-essential is already the newest version (12.10ubuntu1).
The following packages were automatically installed and are no longer required:
  libopencore-amrnb0 libopencore-amrwb0
Use 'sudo apt autoremove' to remove them.
0 upgraded, 0 newly installed, 0 to remove and 153 not upgraded.
[step] create/refresh venv
[info] venv already exists: .venv-linux-2404
[step] bootstrap pip toolchain
Requirement already satisfied: pip in ./.venv-linux-2404/lib/python3.12/site-packages (26.0.1)
Requirement already satisfied: wheel in ./.venv-linux-2404/lib/python3.12/site-packages (0.46.3)
Requirement already satisfied: packaging>=24.0 in ./.venv-linux-2404/lib/python3.12/site-packages (from wheel) (26.1)
Requirement already satisfied: setuptools==81.0.0 in ./.venv-linux-2404/lib/python3.12/site-packages (81.0.0)
[step] install torch
[info] uninstalling any existing torch/torchvision/torchaudio in venv (ignore errors if absent)
Found existing installation: torch 2.11.0+cpu
Uninstalling torch-2.11.0+cpu:
  Successfully uninstalled torch-2.11.0+cpu
Looking in indexes: https://download.pytorch.org/whl/cpu, https://pypi.org/simple
Collecting torch
  Downloading https://download-r2.pytorch.org/whl/cpu/torch-2.11.0%2Bcpu-cp312-cp312-manylinux_2_28_x86_64.whl.metadata (29 kB)
Collecting filelock (from torch)
  Downloading filelock-3.29.0-py3-none-any.whl.metadata (2.0 kB)
Collecting typing-extensions>=4.10.0 (from torch)
  Downloading typing_extensions-4.15.0-py3-none-any.whl.metadata (3.3 kB)
Collecting setuptools<82 (from torch)
  Downloading setuptools-81.0.0-py3-none-any.whl.metadata (6.6 kB)
Collecting sympy>=1.13.3 (from torch)
  Downloading sympy-1.14.0-py3-none-any.whl.metadata (12 kB)
Collecting networkx>=2.5.1 (from torch)
  Downloading networkx-3.6.1-py3-none-any.whl.metadata (6.8 kB)
Collecting jinja2 (from torch)
  Downloading jinja2-3.1.6-py3-none-any.whl.metadata (2.9 kB)
Collecting fsspec>=0.8.5 (from torch)
  Downloading fsspec-2026.3.0-py3-none-any.whl.metadata (10 kB)
Collecting mpmath<1.4,>=1.1.0 (from sympy>=1.13.3->torch)
  Downloading mpmath-1.3.0-py3-none-any.whl.metadata (8.6 kB)
Collecting MarkupSafe>=2.0 (from jinja2->torch)
  Downloading markupsafe-3.0.3-cp312-cp312-manylinux2014_x86_64.manylinux_2_17_x86_64.manylinux_2_28_x86_64.whl.metadata (2.7 kB)
Downloading https://download-r2.pytorch.org/whl/cpu/torch-2.11.0%2Bcpu-cp312-cp312-manylinux_2_28_x86_64.whl (190.3 MB)
   ━━━━━━━━━━━━━━━━━━━━━━━━━━━━━━━━━━━━━━━━ 190.3/190.3 MB 53.4 MB/s  0:00:03

Downloading setuptools-81.0.0-py3-none-any.whl (1.1 MB)
   ━━━━━━━━━━━━━━━━━━━━━━━━━━━━━━━━━━━━━━━━ 1.1/1.1 MB 15.1 MB/s  0:00:00

Downloading fsspec-2026.3.0-py3-none-any.whl (202 kB)
Downloading networkx-3.6.1-py3-none-any.whl (2.1 MB)
   ━━━━━━━━━━━━━━━━━━━━━━━━━━━━━━━━━━━━━━━━ 2.1/2.1 MB 47.7 MB/s  0:00:00

Downloading sympy-1.14.0-py3-none-any.whl (6.3 MB)
   ━━━━━━━━━━━━━━━━━━━━━━━━━━━━━━━━━━━━━━━━ 6.3/6.3 MB 55.5 MB/s  0:00:00

Downloading mpmath-1.3.0-py3-none-any.whl (536 kB)
   ━━━━━━━━━━━━━━━━━━━━━━━━━━━━━━━━━━━━━━━━ 536.2/536.2 kB 97.5 MB/s  0:00:00

Downloading typing_extensions-4.15.0-py3-none-any.whl (44 kB)
Downloading filelock-3.29.0-py3-none-any.whl (39 kB)
Downloading jinja2-3.1.6-py3-none-any.whl (134 kB)
Downloading markupsafe-3.0.3-cp312-cp312-manylinux2014_x86_64.manylinux_2_17_x86_64.manylinux_2_28_x86_64.whl (22 kB)
Installing collected packages: mpmath, typing-extensions, sympy, setuptools, networkx, MarkupSafe, fsspec, filelock, jinja2, torch
  Attempting uninstall: mpmath
    Found existing installation: mpmath 1.3.0
    Uninstalling mpmath-1.3.0:
      Successfully uninstalled mpmath-1.3.0
  Attempting uninstall: typing-extensions
    Found existing installation: typing_extensions 4.15.0
    Uninstalling typing_extensions-4.15.0:
      Successfully uninstalled typing_extensions-4.15.0
  Attempting uninstall: sympy
    Found existing installation: sympy 1.14.0
    Uninstalling sympy-1.14.0:
      Successfully uninstalled sympy-1.14.0
  Attempting uninstall: setuptools
    Found existing installation: setuptools 81.0.0
    Uninstalling setuptools-81.0.0:
      Successfully uninstalled setuptools-81.0.0
  Attempting uninstall: networkx
    Found existing installation: networkx 3.6.1
    Uninstalling networkx-3.6.1:
      Successfully uninstalled networkx-3.6.1
  Attempting uninstall: MarkupSafe
    Found existing installation: MarkupSafe 3.0.3
    Uninstalling MarkupSafe-3.0.3:
      Successfully uninstalled MarkupSafe-3.0.3
  Attempting uninstall: fsspec
    Found existing installation: fsspec 2026.3.0
    Uninstalling fsspec-2026.3.0:
      Successfully uninstalled fsspec-2026.3.0
  Attempting uninstall: filelock
    Found existing installation: filelock 3.29.0
    Uninstalling filelock-3.29.0:
      Successfully uninstalled filelock-3.29.0
  Attempting uninstall: jinja2
    Found existing installation: Jinja2 3.1.6
    Uninstalling Jinja2-3.1.6:
      Successfully uninstalled Jinja2-3.1.6


Successfully installed MarkupSafe-3.0.3 filelock-3.29.0 fsspec-2026.3.0 jinja2-3.1.6 mpmath-1.3.0 networkx-3.6.1 setuptools-81.0.0 sympy-1.14.0 torch-2.11.0+cpu typing-extensions-4.15.0
[info] torch: 2.11.0+cpu | torch.version.cuda: None
[step] install numpy (early — avoids torch warning before CUDA check)
Requirement already satisfied: numpy in ./.venv-linux-2404/lib/python3.12/site-packages (2.4.4)
[step] install project python deps
Requirement already satisfied: ninja in ./.venv-linux-2404/lib/python3.12/site-packages (1.13.0)
Requirement already satisfied: pytest in ./.venv-linux-2404/lib/python3.12/site-packages (9.0.3)
Requirement already satisfied: tensorboard in ./.venv-linux-2404/lib/python3.12/site-packages (2.20.0)
Requirement already satisfied: scikit-learn in ./.venv-linux-2404/lib/python3.12/site-packages (1.8.0)
Requirement already satisfied: iniconfig>=1.0.1 in ./.venv-linux-2404/lib/python3.12/site-packages (from pytest) (2.3.0)
Requirement already satisfied: packaging>=22 in ./.venv-linux-2404/lib/python3.12/site-packages (from pytest) (26.1)
Requirement already satisfied: pluggy<2,>=1.5 in ./.venv-linux-2404/lib/python3.12/site-packages (from pytest) (1.6.0)
Requirement already satisfied: pygments>=2.7.2 in ./.venv-linux-2404/lib/python3.12/site-packages (from pytest) (2.20.0)
Requirement already satisfied: absl-py>=0.4 in ./.venv-linux-2404/lib/python3.12/site-packages (from tensorboard) (2.4.0)
Requirement already satisfied: grpcio>=1.48.2 in ./.venv-linux-2404/lib/python3.12/site-packages (from tensorboard) (1.80.0)
Requirement already satisfied: markdown>=2.6.8 in ./.venv-linux-2404/lib/python3.12/site-packages (from tensorboard) (3.10.2)
Requirement already satisfied: numpy>=1.12.0 in ./.venv-linux-2404/lib/python3.12/site-packages (from tensorboard) (2.4.4)
Requirement already satisfied: pillow in ./.venv-linux-2404/lib/python3.12/site-packages (from tensorboard) (12.2.0)
Requirement already satisfied: protobuf!=4.24.0,>=3.19.6 in ./.venv-linux-2404/lib/python3.12/site-packages (from tensorboard) (7.34.1)
Requirement already satisfied: setuptools>=41.0.0 in ./.venv-linux-2404/lib/python3.12/site-packages (from tensorboard) (81.0.0)
Requirement already satisfied: tensorboard-data-server<0.8.0,>=0.7.0 in ./.venv-linux-2404/lib/python3.12/site-packages (from tensorboard) (0.7.2)
Requirement already satisfied: werkzeug>=1.0.1 in ./.venv-linux-2404/lib/python3.12/site-packages (from tensorboard) (3.1.8)
Requirement already satisfied: scipy>=1.10.0 in ./.venv-linux-2404/lib/python3.12/site-packages (from scikit-learn) (1.17.1)
Requirement already satisfied: joblib>=1.3.0 in ./.venv-linux-2404/lib/python3.12/site-packages (from scikit-learn) (1.5.3)
Requirement already satisfied: threadpoolctl>=3.2.0 in ./.venv-linux-2404/lib/python3.12/site-packages (from scikit-learn) (3.6.0)
Requirement already satisfied: typing-extensions~=4.12 in ./.venv-linux-2404/lib/python3.12/site-packages (from grpcio>=1.48.2->tensorboard) (4.15.0)
Requirement already satisfied: markupsafe>=2.1.1 in ./.venv-linux-2404/lib/python3.12/site-packages (from werkzeug>=1.0.1->tensorboard) (3.0.3)
[warn] skipping mamba stack install on cpu mode (causal-conv1d/mamba-ssm need CUDA toolchain)
[step] sanity checks
deps-ok 2.11.0+cpu
import-ok
.....................                                                    [100%]
21 passed in 0.33s
......s                                                                  [100%]
6 passed, 1 skipped in 1.65s
[done] setup completed successfully
